
> calcweave@0.17.0 build
> tsx scripts/build-policies.ts && tsc --noEmit && vite build

{"policyPages":4,"productionLicenseNotices":28}
vite v8.3.2 building client environment for production...
transforming...
✓ 410 modules transformed.
rendering chunks...
computing gzip size...
dist/index.html                            1.29 kB │ gzip:   0.69 kB
dist/assets/engine.worker-BYNS5Yfw.js    633.13 kB
dist/assets/index-CguXXpAU.css            97.36 kB │ gzip:  17.05 kB
dist/assets/src-DZhh4-Ua.js                3.42 kB │ gzip:   1.83 kB
dist/assets/src-Bnd-TKvi.js               10.18 kB │ gzip:   4.27 kB
dist/assets/src-B1lAd-rS.js               13.63 kB │ gzip:   6.12 kB
dist/assets/src-Di4Zl4gD.js               58.12 kB │ gzip:  15.48 kB
dist/assets/schemas-B44qH8my.js           89.57 kB │ gzip:  25.29 kB
dist/assets/src-DSgLMJ8v.js              207.23 kB │ gzip:  63.14 kB
dist/assets/src-C_ddvGZU.js              514.22 kB │ gzip: 113.72 kB
dist/assets/index-B6XHOJsg.js          1,231.07 kB │ gzip: 372.83 kB
dist/assets/src-Bcx-wexT.js            3,849.87 kB │ gzip: 272.18 kB

✓ built in 1.02s
