
 RUN  v4.1.11 C:/Users/MSI/Desktop/내 폴더/코딩/기획/CalcWeave

 ✓ tests/codegen.test.ts > M13 executable child metadata > canonicalizes initial control zero through actual standalone JSON replay 2894ms
 ✓ tests/codegen.test.ts > M13 executable child metadata > canonicalizes scheduled control zero through actual standalone JSON replay 739ms
 ✓ tests/codegen.test.ts > M13 executable child metadata > includes nested string capabilities and actually executes the standalone program 880ms
 ✓ tests/codegen.test.ts > M13 executable child metadata > includes nested dataset capabilities and actually executes the standalone program 1165ms
 ✓ tests/codegen.test.ts > M14 pinned adapter export boundaries > pins a nested affine ABI and executes the actual standalone WASM program 847ms
 ✓ tests/codegen.test.ts > standalone TypeScript export > runs independently and matches the known static answer and runtime output 876ms
 ✓ tests/codegen.test.ts > standalone TypeScript export > matches a delay feedback recurrence at every tick and final state 980ms
 ✓ tests/codegen.test.ts > standalone TypeScript export > keeps labels out of executable code 743ms
 ✓ tests/codegen.test.ts > standalone TypeScript export > runs continuous export independently with every sample and final memory matching 899ms
 ✓ tests/codegen.test.ts > M2 standalone typed discrete export and manifest > 'absolute-time Step' matches every runtime sample and internal state 827ms
 ✓ tests/codegen.test.ts > M2 standalone typed discrete export and manifest > 'absolute-time Ramp' matches every runtime sample and internal state 953ms
 ✓ tests/codegen.test.ts > M2 standalone typed discrete export and manifest > 'Sine Wave uses Hz and absolute time' matches every runtime sample and internal state 1242ms
 ✓ tests/codegen.test.ts > M2 standalone typed discrete export and manifest > 'Pulse uses base ticks including phase' matches every runtime sample and internal state 816ms
 ✓ tests/codegen.test.ts > M2 standalone typed discrete export and manifest > 'Clock returns the simulation time' matches every runtime sample and internal state 1145ms
 ✓ tests/codegen.test.ts > M2 standalone typed discrete export and manifest > 'Digital Clock initial hold and period…' matches every runtime sample and internal state 1824ms
 ✓ tests/codegen.test.ts > M2 standalone typed discrete export and manifest > 'Repeating Sequence linear interpolati…' matches every runtime sample and internal state 1008ms
 ✓ tests/codegen.test.ts > M2 standalone typed discrete export and manifest > 'Repeating Sequence previous interpola…' matches every runtime sample and internal state 895ms
 ✓ tests/codegen.test.ts > M2 standalone typed discrete export and manifest > 'Repeating Sequence negative absolute …' matches every runtime sample and internal state 965ms
 ✓ tests/codegen.test.ts > M2 standalone typed discrete export and manifest > 'Unit Delay vector state' matches every runtime sample and internal state 1328ms
 ✓ tests/codegen.test.ts > M2 standalone typed discrete export and manifest > 'Unit Delay boolean matrix state' matches every runtime sample and internal state 915ms
 ✓ tests/codegen.test.ts > M2 standalone typed discrete export and manifest > 'Fixed Delay FIFO' matches every runtime sample and internal state 781ms
 ✓ tests/codegen.test.ts > M2 standalone typed discrete export and manifest > 'Forward Euler vector independent chan…' matches every runtime sample and internal state 1132ms
 ✓ tests/codegen.test.ts > M2 standalone typed discrete export and manifest > 'Difference first and subsequent due s…' matches every runtime sample and internal state 977ms
 ✓ tests/codegen.test.ts > M2 standalone typed discrete export and manifest > 'Derivative divides by sample seconds' matches every runtime sample and internal state 788ms
 ✓ tests/codegen.test.ts > M2 standalone typed discrete export and manifest > 'FIR impulse response' matches every runtime sample and internal state 686ms
 ✓ tests/codegen.test.ts > M2 standalone typed discrete export and manifest > 'FIR matrix independent channels' matches every runtime sample and internal state 1369ms
 ✓ tests/codegen.test.ts > M2 standalone typed discrete export and manifest > 'Transfer function z inverse impulse' matches every runtime sample and internal state 731ms
 ✓ tests/codegen.test.ts > M2 standalone typed discrete export and manifest > 'Strictly proper transfer reads old hi…' matches every runtime sample and internal state 940ms
 ✓ tests/codegen.test.ts > M2 standalone typed discrete export and manifest > 'State Space initial state then commit' matches every runtime sample and internal state 784ms
 ✓ tests/codegen.test.ts > M2 standalone typed discrete export and manifest > 'State Space D direct feedthrough' matches every runtime sample and internal state 676ms
 ✓ tests/codegen.test.ts > M2 standalone typed discrete export and manifest > 'Rising boolean edge' matches every runtime sample and internal state 674ms
 ✓ tests/codegen.test.ts > M2 standalone typed discrete export and manifest > 'Falling boolean edge' matches every runtime sample and internal state 805ms
 ✓ tests/codegen.test.ts > M2 standalone typed discrete export and manifest > 'Either boolean edge' matches every runtime sample and internal state 1061ms
 ✓ tests/codegen.test.ts > M2 standalone typed discrete export and manifest > 'Lookup linear array and clipped bound…' matches every runtime sample and internal state 827ms
 ✓ tests/codegen.test.ts > M2 standalone typed discrete export and manifest > 'Lookup previous interpolation exact k…' matches every runtime sample and internal state 1013ms
 ✓ tests/codegen.test.ts > M2 standalone typed discrete export and manifest > 'timeless Constant publication respect…' matches every runtime sample and internal state 1022ms
 ✓ tests/codegen.test.ts > M2 standalone typed discrete export and manifest > seeded uniform standalone execution repeats the same PRNG memory 1435ms
 ✓ tests/codegen.test.ts > M2 standalone typed discrete export and manifest > seeded normal standalone execution repeats the same PRNG memory 893ms
 ✓ tests/codegen.test.ts > M2 standalone typed discrete export and manifest > Rate Transition 1 to 2 offset 0/0 matches held outputs and publication memory 704ms
 ✓ tests/codegen.test.ts > M2 standalone typed discrete export and manifest > Rate Transition 2 to 1 offset 0/0 matches held outputs and publication memory 782ms
 ✓ tests/codegen.test.ts > M2 standalone typed discrete export and manifest > Rate Transition 5 to 1 offset 0/0 matches held outputs and publication memory 1050ms
 ✓ tests/codegen.test.ts > M2 standalone typed discrete export and manifest > Rate Transition 1 to 5 offset 0/0 matches held outputs and publication memory 774ms
 ✓ tests/codegen.test.ts > M2 standalone typed discrete export and manifest > Rate Transition 2 to 1 offset 1/0 matches held outputs and publication memory 870ms
 ✓ tests/codegen.test.ts > M2 standalone typed discrete export and manifest > Rate Transition 2 to 2 offset 1/1 matches held outputs and publication memory 1058ms
 ✓ tests/codegen.test.ts > M2 standalone typed discrete export and manifest > unsigned and standalone kernel 905ms
 ✓ tests/codegen.test.ts > M2 standalone typed discrete export and manifest > unsigned or standalone kernel 1904ms
 ✓ tests/codegen.test.ts > M2 standalone typed discrete export and manifest > unsigned xor standalone kernel 1036ms
 ✓ tests/codegen.test.ts > M2 standalone typed discrete export and manifest > unsigned not standalone kernel 1814ms
 ✓ tests/codegen.test.ts > M2 standalone typed discrete export and manifest > unsigned shift-left standalone kernel 955ms
 ✓ tests/codegen.test.ts > M2 standalone typed discrete export and manifest > unsigned shift-right standalone kernel 711ms
 ✓ tests/codegen.test.ts > M2 standalone typed discrete export and manifest > 'unsigned range' has the same stable block diagnostic 756ms
 ✓ tests/codegen.test.ts > M2 standalone typed discrete export and manifest > 'Lookup extrapolation' has the same stable block diagnostic 885ms
 ✓ tests/codegen.test.ts > M2 standalone typed discrete export and manifest > 'Forward Euler overflow' has the same stable block diagnostic 643ms
 ✓ tests/codegen.test.ts > M2 standalone typed discrete export and manifest > 'FIR overflow' has the same stable block diagnostic 644ms
 ✓ tests/codegen.test.ts > M2 standalone typed discrete export and manifest > 'Transfer overflow' has the same stable block diagnostic 645ms
 ✓ tests/codegen.test.ts > M2 standalone typed discrete export and manifest > 'State Space overflow' has the same stable block diagnostic 655ms
 ✓ tests/codegen.test.ts > M2 standalone typed discrete export and manifest > preserves typed array reset and terminal state memory in the exported program 629ms
 ✓ tests/codegen.test.ts > M2 standalone typed discrete export and manifest > M2 stateless lookup.interpolated also exports static execution 751ms
 ✓ tests/codegen.test.ts > M2 standalone typed discrete export and manifest > M2 stateless logic.bitwise also exports static execution 770ms
 ✓ tests/codegen.test.ts > M2 standalone typed discrete export and manifest > M2 stateless sink.scope also exports static execution 1815ms
 ✓ tests/codegen.test.ts > M2 standalone typed discrete export and manifest > keeps fixed export templates synchronized with repository numerical sources 461ms
 ✓ tests/codegen.test.ts > M2 standalone typed discrete export and manifest > fixed SHA-256 matches the platform implementation for UTF-8 data 1ms
 ✓ tests/codegen.test.ts > M2 standalone typed discrete export and manifest > fixed SHA-256 matches the platform implementation for UTF-8 data 0ms
 ✓ tests/codegen.test.ts > M2 standalone typed discrete export and manifest > fixed SHA-256 matches the platform implementation for UTF-8 data 0ms
 ✓ tests/codegen.test.ts > M2 standalone typed discrete export and manifest > fixed SHA-256 matches the platform implementation for UTF-8 data 12ms
 ✓ tests/codegen.test.ts > M2 standalone typed discrete export and manifest > computes the same manifest with synchronous export and Web Crypto and rejects another model hash 919ms
 ✓ tests/codegen.test.ts > M2 standalone typed discrete export and manifest > adds the original failed sample tick and time to output and transition diagnostics 1692ms
 ✓ tests/codegen.test.ts > M2 standalone typed discrete export and manifest > returns the same structured preflight operation budget diagnostic without running a tick 1034ms
 ✓ tests/codegen.test.ts > M1 standalone typed TypeScript parity > 'Gain keeps a matrix shape' matches independent execution and the known answer 885ms
 ✓ tests/codegen.test.ts > M1 standalone typed TypeScript parity > 'Sum signs ++' matches independent execution and the known answer 1113ms
 ✓ tests/codegen.test.ts > M1 standalone typed TypeScript parity > 'Sum signs +-' matches independent execution and the known answer 924ms
 ✓ tests/codegen.test.ts > M1 standalone typed TypeScript parity > 'Sum signs -+' matches independent execution and the known answer 878ms
 ✓ tests/codegen.test.ts > M1 standalone typed TypeScript parity > 'Sum signs --' matches independent execution and the known answer 1193ms
 ✓ tests/codegen.test.ts > M1 standalone typed TypeScript parity > 'Product multiplies a matrix by a scal…' matches independent execution and the known answer 914ms
 ✓ tests/codegen.test.ts > M1 standalone typed TypeScript parity > 'Product divides a vector by a scalar' matches independent execution and the known answer 1227ms
 ✓ tests/codegen.test.ts > M1 standalone typed TypeScript parity > 'Abs' matches independent execution and the known answer 692ms
 ✓ tests/codegen.test.ts > M1 standalone typed TypeScript parity > 'Exp' matches independent execution and the known answer 900ms
 ✓ tests/codegen.test.ts > M1 standalone typed TypeScript parity > 'Log' matches independent execution and the known answer 728ms
 ✓ tests/codegen.test.ts > M1 standalone typed TypeScript parity > 'Log10' matches independent execution and the known answer 826ms
 ✓ tests/codegen.test.ts > M1 standalone typed TypeScript parity > 'Square' matches independent execution and the known answer 845ms
 ✓ tests/codegen.test.ts > M1 standalone typed TypeScript parity > 'Reciprocal' matches independent execution and the known answer 789ms
 ✓ tests/codegen.test.ts > M1 standalone typed TypeScript parity > 'Sin' matches independent execution and the known answer 749ms
 ✓ tests/codegen.test.ts > M1 standalone typed TypeScript parity > 'Cos' matches independent execution and the known answer 1009ms
 ✓ tests/codegen.test.ts > M1 standalone typed TypeScript parity > 'Tan' matches independent execution and the known answer 2046ms
 ✓ tests/codegen.test.ts > M1 standalone typed TypeScript parity > 'Asin' matches independent execution and the known answer 1449ms
 ✓ tests/codegen.test.ts > M1 standalone typed TypeScript parity > 'Acos' matches independent execution and the known answer 982ms
 ✓ tests/codegen.test.ts > M1 standalone typed TypeScript parity > 'Atan' matches independent execution and the known answer 827ms
 ✓ tests/codegen.test.ts > M1 standalone typed TypeScript parity > 'Round half toward positive infinity' matches independent execution and the known answer 768ms
 ✓ tests/codegen.test.ts > M1 standalone typed TypeScript parity > 'Floor' matches independent execution and the known answer 697ms
 ✓ tests/codegen.test.ts > M1 standalone typed TypeScript parity > 'Ceil' matches independent execution and the known answer 716ms
 ✓ tests/codegen.test.ts > M1 standalone typed TypeScript parity > 'Trunc' matches independent execution and the known answer 677ms
 ✓ tests/codegen.test.ts > M1 standalone typed TypeScript parity > 'Pairwise Min broadcasts scalar' matches independent execution and the known answer 579ms
 ✓ tests/codegen.test.ts > M1 standalone typed TypeScript parity > 'Pairwise Max' matches independent execution and the known answer 633ms
 ✓ tests/codegen.test.ts > M1 standalone typed TypeScript parity > 'Reduce Min visits all matrix elements' matches independent execution and the known answer 661ms
 ✓ tests/codegen.test.ts > M1 standalone typed TypeScript parity > 'Reduce Max visits all matrix elements' matches independent execution and the known answer 580ms
 ✓ tests/codegen.test.ts > M1 standalone typed TypeScript parity > 'Sqrt' matches independent execution and the known answer 608ms
 ✓ tests/codegen.test.ts > M1 standalone typed TypeScript parity > 'Comparison eq' matches independent execution and the known answer 607ms
 ✓ tests/codegen.test.ts > M1 standalone typed TypeScript parity > 'Comparison ne' matches independent execution and the known answer 666ms
 ✓ tests/codegen.test.ts > M1 standalone typed TypeScript parity > 'Comparison lt' matches independent execution and the known answer 1327ms
 ✓ tests/codegen.test.ts > M1 standalone typed TypeScript parity > 'Comparison le' matches independent execution and the known answer 1377ms
 ✓ tests/codegen.test.ts > M1 standalone typed TypeScript parity > 'Comparison gt' matches independent execution and the known answer 1382ms
 ✓ tests/codegen.test.ts > M1 standalone typed TypeScript parity > 'Comparison ge' matches independent execution and the known answer 1170ms
 ✓ tests/codegen.test.ts > M1 standalone typed TypeScript parity > 'Boolean And matrix/scalar' matches independent execution and the known answer 1007ms
 ✓ tests/codegen.test.ts > M1 standalone typed TypeScript parity > 'Boolean Or' matches independent execution and the known answer 923ms
 ✓ tests/codegen.test.ts > M1 standalone typed TypeScript parity > 'Boolean Xor' matches independent execution and the known answer 1022ms
 ✓ tests/codegen.test.ts > M1 standalone typed TypeScript parity > 'Boolean Not needs only input a' matches independent execution and the known answer 998ms
 ✓ tests/codegen.test.ts > M1 standalone typed TypeScript parity > 'Saturation' matches independent execution and the known answer 887ms
 ✓ tests/codegen.test.ts > M1 standalone typed TypeScript parity > 'Mux joins scalar/vector numbers' matches independent execution and the known answer 845ms
 ✓ tests/codegen.test.ts > M1 standalone typed TypeScript parity > 'Concatenate joins boolean vectors' matches independent execution and the known answer 1670ms
 ✓ tests/codegen.test.ts > M1 standalone typed TypeScript parity > 'Reshape vector to row-major matrix' matches independent execution and the known answer 1095ms
 ✓ tests/codegen.test.ts > M1 standalone typed TypeScript parity > 'Reshape matrix to vector' matches independent execution and the known answer 1006ms
 ✓ tests/codegen.test.ts > M1 standalone typed TypeScript parity > 'Expression applies to every vector el…' matches independent execution and the known answer 846ms
 ✓ tests/codegen.test.ts > M1 standalone typed TypeScript parity > 'Expression precedence and right-assoc…' matches independent execution and the known answer 812ms
 ✓ tests/codegen.test.ts > M1 standalone typed TypeScript parity > 'Demux preserves selected source ports…' matches independent execution and the known answer 720ms
 ✓ tests/codegen.test.ts > M1 standalone typed TypeScript parity > 'Demux maximum 16 outputs preserves tw…' matches independent execution and the known answer 687ms
 ✓ tests/codegen.test.ts > M1 standalone typed TypeScript parity > 'Demux preserves boolean values' matches independent execution and the known answer 729ms
 ✓ tests/codegen.test.ts > M1 standalone typed TypeScript parity > 'Switch with boolean matrix data choos…' matches independent execution and the known answer 1748ms
 ✓ tests/codegen.test.ts > M1 standalone typed TypeScript parity > 'Switch with boolean matrix data choos…' matches independent execution and the known answer 656ms
 ✓ tests/codegen.test.ts > M1 standalone typed TypeScript parity > 'Every allowed expression function is …' matches independent execution and the known answer 627ms
 ✓ tests/codegen.test.ts > M1 standalone typed TypeScript parity > 'Division by a zero element' fails with the same diagnostic in standalone code 691ms
 ✓ tests/codegen.test.ts > M1 standalone typed TypeScript parity > 'Reciprocal of zero' fails with the same diagnostic in standalone code 836ms
 ✓ tests/codegen.test.ts > M1 standalone typed TypeScript parity > 'Log zero' fails with the same diagnostic in standalone code 706ms
 ✓ tests/codegen.test.ts > M1 standalone typed TypeScript parity > 'Log10 negative' fails with the same diagnostic in standalone code 656ms
 ✓ tests/codegen.test.ts > M1 standalone typed TypeScript parity > 'Negative Sqrt' fails with the same diagnostic in standalone code 628ms
 ✓ tests/codegen.test.ts > M1 standalone typed TypeScript parity > 'Asin above range' fails with the same diagnostic in standalone code 614ms
 ✓ tests/codegen.test.ts > M1 standalone typed TypeScript parity > 'Acos below range' fails with the same diagnostic in standalone code 673ms
 ✓ tests/codegen.test.ts > M1 standalone typed TypeScript parity > 'Exp overflow' fails with the same diagnostic in standalone code 624ms
 ✓ tests/codegen.test.ts > M1 standalone typed TypeScript parity > 'Expression zero division' fails with the same diagnostic in standalone code 643ms
 ✓ tests/codegen.test.ts > M1 standalone typed TypeScript parity > 'Expression complex power rejected' fails with the same diagnostic in standalone code 625ms
 ✓ tests/codegen.test.ts > M1 standalone typed TypeScript parity > 'Expression function domain' fails with the same diagnostic in standalone code 592ms
 ✓ tests/codegen.test.ts > M1 standalone typed TypeScript parity > serializes only the validated AST instead of the expression source text 595ms
 ✓ tests/codegen.test.ts > M1 standalone typed TypeScript parity > keeps vector and matrix inputs intact after consumers edit results and rerun the same exported module 1260ms
 ✓ tests/block-expansion.test.ts > 64 distinct mathematical and array block expansion contracts > contains one hand oracle per new operation and preserves the Python 51-block allowlist 87ms
 ✓ tests/block-expansion.test.ts > 64 distinct mathematical and array block expansion contracts > computes independent analytic oracle: 'math.bias' 5ms
 ✓ tests/block-expansion.test.ts > 64 distinct mathematical and array block expansion contracts > computes independent analytic oracle: 'math.sign' 1ms
 ✓ tests/block-expansion.test.ts > 64 distinct mathematical and array block expansion contracts > computes independent analytic oracle: 'math.cbrt' 1ms
 ✓ tests/block-expansion.test.ts > 64 distinct mathematical and array block expansion contracts > computes independent analytic oracle: 'math.expm1' 1ms
 ✓ tests/block-expansion.test.ts > 64 distinct mathematical and array block expansion contracts > computes independent analytic oracle: 'math.log1p' 1ms
 ✓ tests/block-expansion.test.ts > 64 distinct mathematical and array block expansion contracts > computes independent analytic oracle: 'math.log2' 1ms
 ✓ tests/block-expansion.test.ts > 64 distinct mathematical and array block expansion contracts > computes independent analytic oracle: 'math.exp2' 1ms
 ✓ tests/block-expansion.test.ts > 64 distinct mathematical and array block expansion contracts > computes independent analytic oracle: 'math.sinh' 1ms
 ✓ tests/block-expansion.test.ts > 64 distinct mathematical and array block expansion contracts > computes independent analytic oracle: 'math.cosh' 1ms
 ✓ tests/block-expansion.test.ts > 64 distinct mathematical and array block expansion contracts > computes independent analytic oracle: 'math.tanh' 1ms
 ✓ tests/block-expansion.test.ts > 64 distinct mathematical and array block expansion contracts > computes independent analytic oracle: 'math.asinh' 1ms
 ✓ tests/block-expansion.test.ts > 64 distinct mathematical and array block expansion contracts > computes independent analytic oracle: 'math.acosh' 1ms
 ✓ tests/block-expansion.test.ts > 64 distinct mathematical and array block expansion contracts > computes independent analytic oracle: 'math.atanh' 1ms
 ✓ tests/block-expansion.test.ts > 64 distinct mathematical and array block expansion contracts > computes independent analytic oracle: 'math.sinc' 1ms
 ✓ tests/block-expansion.test.ts > 64 distinct mathematical and array block expansion contracts > computes independent analytic oracle: 'math.polynomial' 2ms
 ✓ tests/block-expansion.test.ts > 64 distinct mathematical and array block expansion contracts > computes independent analytic oracle: 'math.power' 2ms
 ✓ tests/block-expansion.test.ts > 64 distinct mathematical and array block expansion contracts > computes independent analytic oracle: 'math.hypot' 1ms
 ✓ tests/block-expansion.test.ts > 64 distinct mathematical and array block expansion contracts > computes independent analytic oracle: 'math.atan2' 1ms
 ✓ tests/block-expansion.test.ts > 64 distinct mathematical and array block expansion contracts > computes independent analytic oracle: 'math.mod' 1ms
 ✓ tests/block-expansion.test.ts > 64 distinct mathematical and array block expansion contracts > computes independent analytic oracle: 'math.remainder' 1ms
 ✓ tests/block-expansion.test.ts > 64 distinct mathematical and array block expansion contracts > computes independent analytic oracle: 'nonlinear.dead-zone' 2ms
 ✓ tests/block-expansion.test.ts > 64 distinct mathematical and array block expansion contracts > computes independent analytic oracle: 'nonlinear.quantizer' 1ms
 ✓ tests/block-expansion.test.ts > 64 distinct mathematical and array block expansion contracts > computes independent analytic oracle: 'logic.interval' 1ms
 ✓ tests/block-expansion.test.ts > 64 distinct mathematical and array block expansion contracts > computes independent analytic oracle: 'logic.is-integer' 1ms
 ✓ tests/block-expansion.test.ts > 64 distinct mathematical and array block expansion contracts > computes independent analytic oracle: 'logic.approx-equal' 1ms
 ✓ tests/block-expansion.test.ts > 64 distinct mathematical and array block expansion contracts > computes independent analytic oracle: 'reduce.sum' 1ms
 ✓ tests/block-expansion.test.ts > 64 distinct mathematical and array block expansion contracts > computes independent analytic oracle: 'reduce.product' 1ms
 ✓ tests/block-expansion.test.ts > 64 distinct mathematical and array block expansion contracts > computes independent analytic oracle: 'reduce.mean' 1ms
 ✓ tests/block-expansion.test.ts > 64 distinct mathematical and array block expansion contracts > computes independent analytic oracle: 'reduce.median' 1ms
 ✓ tests/block-expansion.test.ts > 64 distinct mathematical and array block expansion contracts > computes independent analytic oracle: 'reduce.variance' 1ms
 ✓ tests/block-expansion.test.ts > 64 distinct mathematical and array block expansion contracts > computes independent analytic oracle: 'reduce.std' 1ms
 ✓ tests/block-expansion.test.ts > 64 distinct mathematical and array block expansion contracts > computes independent analytic oracle: 'reduce.rms' 1ms
 ✓ tests/block-expansion.test.ts > 64 distinct mathematical and array block expansion contracts > computes independent analytic oracle: 'reduce.norm1' 1ms
 ✓ tests/block-expansion.test.ts > 64 distinct mathematical and array block expansion contracts > computes independent analytic oracle: 'reduce.norm2' 1ms
 ✓ tests/block-expansion.test.ts > 64 distinct mathematical and array block expansion contracts > computes independent analytic oracle: 'reduce.norm-inf' 1ms
 ✓ tests/block-expansion.test.ts > 64 distinct mathematical and array block expansion contracts > computes independent analytic oracle: 'reduce.all' 1ms
 ✓ tests/block-expansion.test.ts > 64 distinct mathematical and array block expansion contracts > computes independent analytic oracle: 'reduce.any' 1ms
 ✓ tests/block-expansion.test.ts > 64 distinct mathematical and array block expansion contracts > computes independent analytic oracle: 'vector.dot' 1ms
 ✓ tests/block-expansion.test.ts > 64 distinct mathematical and array block expansion contracts > computes independent analytic oracle: 'vector.cross' 1ms
 ✓ tests/block-expansion.test.ts > 64 distinct mathematical and array block expansion contracts > computes independent analytic oracle: 'vector.normalize' 1ms
 ✓ tests/block-expansion.test.ts > 64 distinct mathematical and array block expansion contracts > computes independent analytic oracle: 'vector.reverse' 1ms
 ✓ tests/block-expansion.test.ts > 64 distinct mathematical and array block expansion contracts > computes independent analytic oracle: 'vector.sort' 1ms
 ✓ tests/block-expansion.test.ts > 64 distinct mathematical and array block expansion contracts > computes independent analytic oracle: 'vector.cumsum' 1ms
 ✓ tests/block-expansion.test.ts > 64 distinct mathematical and array block expansion contracts > computes independent analytic oracle: 'vector.cumprod' 1ms
 ✓ tests/block-expansion.test.ts > 64 distinct mathematical and array block expansion contracts > computes independent analytic oracle: 'vector.difference' 1ms
 ✓ tests/block-expansion.test.ts > 64 distinct mathematical and array block expansion contracts > computes independent analytic oracle: 'vector.select' 1ms
 ✓ tests/block-expansion.test.ts > 64 distinct mathematical and array block expansion contracts > computes independent analytic oracle: 'vector.slice' 1ms
 ✓ tests/block-expansion.test.ts > 64 distinct mathematical and array block expansion contracts > computes independent analytic oracle: 'vector.repeat' 1ms
 ✓ tests/block-expansion.test.ts > 64 distinct mathematical and array block expansion contracts > computes independent analytic oracle: 'vector.convolve' 1ms
 ✓ tests/block-expansion.test.ts > 64 distinct mathematical and array block expansion contracts > computes independent analytic oracle: 'matrix.trace' 1ms
 ✓ tests/block-expansion.test.ts > 64 distinct mathematical and array block expansion contracts > computes independent analytic oracle: 'matrix.diagonal' 1ms
 ✓ tests/block-expansion.test.ts > 64 distinct mathematical and array block expansion contracts > computes independent analytic oracle: 'matrix.diag-create' 1ms
 ✓ tests/block-expansion.test.ts > 64 distinct mathematical and array block expansion contracts > computes independent analytic oracle: 'matrix.identity' 1ms
 ✓ tests/block-expansion.test.ts > 64 distinct mathematical and array block expansion contracts > computes independent analytic oracle: 'matrix.select' 1ms
 ✓ tests/block-expansion.test.ts > 64 distinct mathematical and array block expansion contracts > computes independent analytic oracle: 'matrix.row' 1ms
 ✓ tests/block-expansion.test.ts > 64 distinct mathematical and array block expansion contracts > computes independent analytic oracle: 'matrix.column' 1ms
 ✓ tests/block-expansion.test.ts > 64 distinct mathematical and array block expansion contracts > computes independent analytic oracle: 'matrix.horizontal' 1ms
 ✓ tests/block-expansion.test.ts > 64 distinct mathematical and array block expansion contracts > computes independent analytic oracle: 'matrix.vertical' 1ms
 ✓ tests/block-expansion.test.ts > 64 distinct mathematical and array block expansion contracts > computes independent analytic oracle: 'matrix.triangle' 1ms
 ✓ tests/block-expansion.test.ts > 64 distinct mathematical and array block expansion contracts > computes independent analytic oracle: 'matrix.symmetrize' 1ms
 ✓ tests/block-expansion.test.ts > 64 distinct mathematical and array block expansion contracts > computes independent analytic oracle: 'matrix.kronecker' 1ms
 ✓ tests/block-expansion.test.ts > 64 distinct mathematical and array block expansion contracts > computes independent analytic oracle: 'source.linspace' 1ms
 ✓ tests/block-expansion.test.ts > 64 distinct mathematical and array block expansion contracts > computes independent analytic oracle: 'source.logspace' 1ms
 ✓ tests/block-expansion.test.ts > 64 distinct mathematical and array block expansion contracts > computes independent analytic oracle: 'source.zeros' 1ms
 ✓ tests/block-expansion.test.ts > 64 distinct mathematical and array block expansion contracts > exports actual standalone TypeScript parity: 'math.bias' 321ms
 ✓ tests/block-expansion.test.ts > 64 distinct mathematical and array block expansion contracts > exports actual standalone TypeScript parity: 'math.sign' 219ms
 ✓ tests/block-expansion.test.ts > 64 distinct mathematical and array block expansion contracts > exports actual standalone TypeScript parity: 'math.cbrt' 172ms
 ✓ tests/block-expansion.test.ts > 64 distinct mathematical and array block expansion contracts > exports actual standalone TypeScript parity: 'math.expm1' 159ms
 ✓ tests/block-expansion.test.ts > 64 distinct mathematical and array block expansion contracts > exports actual standalone TypeScript parity: 'math.log1p' 160ms
 ✓ tests/block-expansion.test.ts > 64 distinct mathematical and array block expansion contracts > exports actual standalone TypeScript parity: 'math.log2' 171ms
 ✓ tests/block-expansion.test.ts > 64 distinct mathematical and array block expansion contracts > exports actual standalone TypeScript parity: 'math.exp2' 168ms
 ✓ tests/block-expansion.test.ts > 64 distinct mathematical and array block expansion contracts > exports actual standalone TypeScript parity: 'math.sinh' 211ms
 ✓ tests/block-expansion.test.ts > 64 distinct mathematical and array block expansion contracts > exports actual standalone TypeScript parity: 'math.cosh' 194ms
 ✓ tests/block-expansion.test.ts > 64 distinct mathematical and array block expansion contracts > exports actual standalone TypeScript parity: 'math.tanh' 185ms
 ✓ tests/block-expansion.test.ts > 64 distinct mathematical and array block expansion contracts > exports actual standalone TypeScript parity: 'math.asinh' 258ms
 ✓ tests/block-expansion.test.ts > 64 distinct mathematical and array block expansion contracts > exports actual standalone TypeScript parity: 'math.acosh' 307ms
 ✓ tests/block-expansion.test.ts > 64 distinct mathematical and array block expansion contracts > exports actual standalone TypeScript parity: 'math.atanh' 343ms
 ✓ tests/block-expansion.test.ts > 64 distinct mathematical and array block expansion contracts > exports actual standalone TypeScript parity: 'math.sinc' 327ms
 ✓ tests/block-expansion.test.ts > 64 distinct mathematical and array block expansion contracts > exports actual standalone TypeScript parity: 'math.polynomial' 293ms
 ✓ tests/block-expansion.test.ts > 64 distinct mathematical and array block expansion contracts > exports actual standalone TypeScript parity: 'math.power' 289ms
 ✓ tests/block-expansion.test.ts > 64 distinct mathematical and array block expansion contracts > exports actual standalone TypeScript parity: 'math.hypot' 286ms
 ✓ tests/block-expansion.test.ts > 64 distinct mathematical and array block expansion contracts > exports actual standalone TypeScript parity: 'math.atan2' 309ms
 ✓ tests/block-expansion.test.ts > 64 distinct mathematical and array block expansion contracts > exports actual standalone TypeScript parity: 'math.mod' 453ms
 ✓ tests/block-expansion.test.ts > 64 distinct mathematical and array block expansion contracts > exports actual standalone TypeScript parity: 'math.remainder' 352ms
 ✓ tests/block-expansion.test.ts > 64 distinct mathematical and array block expansion contracts > exports actual standalone TypeScript parity: 'nonlinear.dead-zone' 349ms
 ✓ tests/block-expansion.test.ts > 64 distinct mathematical and array block expansion contracts > exports actual standalone TypeScript parity: 'nonlinear.quantizer' 385ms
 ✓ tests/block-expansion.test.ts > 64 distinct mathematical and array block expansion contracts > exports actual standalone TypeScript parity: 'logic.interval' 515ms
 ✓ tests/block-expansion.test.ts > 64 distinct mathematical and array block expansion contracts > exports actual standalone TypeScript parity: 'logic.is-integer' 383ms
 ✓ tests/block-expansion.test.ts > 64 distinct mathematical and array block expansion contracts > exports actual standalone TypeScript parity: 'logic.approx-equal' 356ms
 ✓ tests/block-expansion.test.ts > 64 distinct mathematical and array block expansion contracts > exports actual standalone TypeScript parity: 'reduce.sum' 340ms
 ✓ tests/block-expansion.test.ts > 64 distinct mathematical and array block expansion contracts > exports actual standalone TypeScript parity: 'reduce.product' 434ms
 ✓ tests/block-expansion.test.ts > 64 distinct mathematical and array block expansion contracts > exports actual standalone TypeScript parity: 'reduce.mean' 325ms
 ✓ tests/block-expansion.test.ts > 64 distinct mathematical and array block expansion contracts > exports actual standalone TypeScript parity: 'reduce.median' 478ms
 ✓ tests/block-expansion.test.ts > 64 distinct mathematical and array block expansion contracts > exports actual standalone TypeScript parity: 'reduce.variance' 387ms
 ✓ tests/block-expansion.test.ts > 64 distinct mathematical and array block expansion contracts > exports actual standalone TypeScript parity: 'reduce.std' 331ms
 ✓ tests/block-expansion.test.ts > 64 distinct mathematical and array block expansion contracts > exports actual standalone TypeScript parity: 'reduce.rms' 308ms
 ✓ tests/block-expansion.test.ts > 64 distinct mathematical and array block expansion contracts > exports actual standalone TypeScript parity: 'reduce.norm1' 346ms
 ✓ tests/block-expansion.test.ts > 64 distinct mathematical and array block expansion contracts > exports actual standalone TypeScript parity: 'reduce.norm2' 333ms
 ✓ tests/block-expansion.test.ts > 64 distinct mathematical and array block expansion contracts > exports actual standalone TypeScript parity: 'reduce.norm-inf' 307ms
 ✓ tests/block-expansion.test.ts > 64 distinct mathematical and array block expansion contracts > exports actual standalone TypeScript parity: 'reduce.all' 312ms
 ✓ tests/block-expansion.test.ts > 64 distinct mathematical and array block expansion contracts > exports actual standalone TypeScript parity: 'reduce.any' 319ms
 ✓ tests/block-expansion.test.ts > 64 distinct mathematical and array block expansion contracts > exports actual standalone TypeScript parity: 'vector.dot' 406ms
 ✓ tests/block-expansion.test.ts > 64 distinct mathematical and array block expansion contracts > exports actual standalone TypeScript parity: 'vector.cross' 308ms
 ✓ tests/block-expansion.test.ts > 64 distinct mathematical and array block expansion contracts > exports actual standalone TypeScript parity: 'vector.normalize' 331ms
 ✓ tests/block-expansion.test.ts > 64 distinct mathematical and array block expansion contracts > exports actual standalone TypeScript parity: 'vector.reverse' 323ms
 ✓ tests/block-expansion.test.ts > 64 distinct mathematical and array block expansion contracts > exports actual standalone TypeScript parity: 'vector.sort' 346ms
 ✓ tests/block-expansion.test.ts > 64 distinct mathematical and array block expansion contracts > exports actual standalone TypeScript parity: 'vector.cumsum' 299ms
 ✓ tests/block-expansion.test.ts > 64 distinct mathematical and array block expansion contracts > exports actual standalone TypeScript parity: 'vector.cumprod' 300ms
 ✓ tests/block-expansion.test.ts > 64 distinct mathematical and array block expansion contracts > exports actual standalone TypeScript parity: 'vector.difference' 304ms
 ✓ tests/block-expansion.test.ts > 64 distinct mathematical and array block expansion contracts > exports actual standalone TypeScript parity: 'vector.select' 309ms
 ✓ tests/block-expansion.test.ts > 64 distinct mathematical and array block expansion contracts > exports actual standalone TypeScript parity: 'vector.slice' 337ms
 ✓ tests/block-expansion.test.ts > 64 distinct mathematical and array block expansion contracts > exports actual standalone TypeScript parity: 'vector.repeat' 339ms
 ✓ tests/block-expansion.test.ts > 64 distinct mathematical and array block expansion contracts > exports actual standalone TypeScript parity: 'vector.convolve' 453ms
 ✓ tests/block-expansion.test.ts > 64 distinct mathematical and array block expansion contracts > exports actual standalone TypeScript parity: 'matrix.trace' 323ms
 ✓ tests/block-expansion.test.ts > 64 distinct mathematical and array block expansion contracts > exports actual standalone TypeScript parity: 'matrix.diagonal' 314ms
 ✓ tests/block-expansion.test.ts > 64 distinct mathematical and array block expansion contracts > exports actual standalone TypeScript parity: 'matrix.diag-create' 306ms
 ✓ tests/block-expansion.test.ts > 64 distinct mathematical and array block expansion contracts > exports actual standalone TypeScript parity: 'matrix.identity' 318ms
 ✓ tests/block-expansion.test.ts > 64 distinct mathematical and array block expansion contracts > exports actual standalone TypeScript parity: 'matrix.select' 341ms
 ✓ tests/block-expansion.test.ts > 64 distinct mathematical and array block expansion contracts > exports actual standalone TypeScript parity: 'matrix.row' 340ms
 ✓ tests/block-expansion.test.ts > 64 distinct mathematical and array block expansion contracts > exports actual standalone TypeScript parity: 'matrix.column' 310ms
 ✓ tests/block-expansion.test.ts > 64 distinct mathematical and array block expansion contracts > exports actual standalone TypeScript parity: 'matrix.horizontal' 313ms
 ✓ tests/block-expansion.test.ts > 64 distinct mathematical and array block expansion contracts > exports actual standalone TypeScript parity: 'matrix.vertical' 343ms
 ✓ tests/block-expansion.test.ts > 64 distinct mathematical and array block expansion contracts > exports actual standalone TypeScript parity: 'matrix.triangle' 313ms
 ✓ tests/block-expansion.test.ts > 64 distinct mathematical and array block expansion contracts > exports actual standalone TypeScript parity: 'matrix.symmetrize' 355ms
 ✓ tests/block-expansion.test.ts > 64 distinct mathematical and array block expansion contracts > exports actual standalone TypeScript parity: 'matrix.kronecker' 399ms
 ✓ tests/block-expansion.test.ts > 64 distinct mathematical and array block expansion contracts > exports actual standalone TypeScript parity: 'source.linspace' 364ms
 ✓ tests/block-expansion.test.ts > 64 distinct mathematical and array block expansion contracts > exports actual standalone TypeScript parity: 'source.logspace' 336ms
 ✓ tests/block-expansion.test.ts > 64 distinct mathematical and array block expansion contracts > exports actual standalone TypeScript parity: 'source.zeros' 524ms
 ✓ tests/block-expansion.test.ts > 64 distinct mathematical and array block expansion contracts > strictly typechecks the import-free template including every new kernel branch 3369ms
 ✓ tests/block-expansion.test.ts > 64 distinct mathematical and array block expansion contracts > preserves time grids and array signals in discrete and continuous: vector.cross 1608ms
 ✓ tests/block-expansion.test.ts > 64 distinct mathematical and array block expansion contracts > preserves time grids and array signals in discrete and continuous: reduce.mean 1529ms
 ✓ tests/block-expansion.test.ts > 64 distinct mathematical and array block expansion contracts > preserves time grids and array signals in discrete and continuous: matrix.symmetrize 1580ms
 ✓ tests/block-expansion.test.ts > 64 distinct mathematical and array block expansion contracts > preserves time grids and array signals in discrete and continuous: source.linspace 1714ms
 ✓ tests/block-expansion.test.ts > 64 distinct mathematical and array block expansion contracts > keeps integer quantizer inputs unchanged and distinguishes exact half ties and near ties 1456ms
 ✓ tests/block-expansion.test.ts > 64 distinct mathematical and array block expansion contracts > preserves computed negative zero through atan2 while native JSON source zeros remain normalized 1664ms
 ✓ tests/block-expansion.test.ts > 64 distinct mathematical and array block expansion contracts > avoids unnecessary overflow in scale-stable mean, std, RMS, normalization, and linspace 2747ms
 ✓ tests/block-expansion.test.ts > 64 distinct mathematical and array block expansion contracts > uses physical unit algebra without scalar-broadcasting vector/matrix structural operations 11ms
 ✓ tests/block-expansion.test.ts > 64 distinct mathematical and array block expansion contracts > preserves constant subnormal values in means, median, symmetric averages and linspace 1384ms
 ✓ tests/block-expansion.test.ts > 64 distinct mathematical and array block expansion contracts > preserves boolean matrix/selection types and removes stale bus field names on rearrangement 5ms
 ✓ tests/block-expansion.test.ts > 64 distinct mathematical and array block expansion contracts > rejects invalid ranges, fractional/out-of-bounds indices, mismatched shapes and oversized outputs 29ms
 ✓ tests/block-expansion.test.ts > 64 distinct mathematical and array block expansion contracts > retains runtime failure locations and standalone parity: math.log1p 386ms
 ✓ tests/block-expansion.test.ts > 64 distinct mathematical and array block expansion contracts > retains runtime failure locations and standalone parity: math.log2 507ms
 ✓ tests/block-expansion.test.ts > 64 distinct mathematical and array block expansion contracts > retains runtime failure locations and standalone parity: math.acosh 493ms
 ✓ tests/block-expansion.test.ts > 64 distinct mathematical and array block expansion contracts > retains runtime failure locations and standalone parity: math.atanh 417ms
 ✓ tests/block-expansion.test.ts > 64 distinct mathematical and array block expansion contracts > retains runtime failure locations and standalone parity: math.exp2 403ms
 ✓ tests/block-expansion.test.ts > 64 distinct mathematical and array block expansion contracts > retains runtime failure locations and standalone parity: vector.normalize 427ms
 ✓ tests/block-expansion.test.ts > 64 distinct mathematical and array block expansion contracts > charges full convolution work and rejects large repeated work before running it 732ms
 ✓ tests/block-expansion.test.ts > 64 distinct mathematical and array block expansion contracts > rejects untracked changing quantizer jumps before a scalar ODE while allowing ordinary observed arrays 10ms
 ✓ tests/m3-codegen.test.ts > M3 standalone continuous and hybrid export > strictly typechecks without DOM, Node types, imports or dynamic evaluation 2598ms
 ✓ tests/m3-codegen.test.ts > M3 standalone continuous and hybrid export > 'F03-decay-rk4-0-01' matches every sample, state, event and statistic 1507ms
 ✓ tests/m3-codegen.test.ts > M3 standalone continuous and hybrid export > 'F03-decay-rk45-0-2' matches every sample, state, event and statistic 1336ms
 ✓ tests/m3-codegen.test.ts > M3 standalone continuous and hybrid export > 'F03-stage-clock' matches every sample, state, event and statistic 1141ms
 ✓ tests/m3-codegen.test.ts > M3 standalone continuous and hybrid export > 'F03-stage-ramp' matches every sample, state, event and statistic 1375ms
 ✓ tests/m3-codegen.test.ts > M3 standalone continuous and hybrid export > 'F03-stage-sine' matches every sample, state, event and statistic 1680ms
 ✓ tests/m3-codegen.test.ts > M3 standalone continuous and hybrid export > 'F03-second-order-oscillator' matches every sample, state, event and statistic 1323ms
 ✓ tests/m3-codegen.test.ts > M3 standalone continuous and hybrid export > 'F03-state-space-oscillator' matches every sample, state, event and statistic 2017ms
 ✓ tests/m3-codegen.test.ts > M3 standalone continuous and hybrid export > 'F03-off-grid-step-transfer' matches every sample, state, event and statistic 955ms
 ✓ tests/m3-codegen.test.ts > M3 standalone continuous and hybrid export > 'F03-zero-pole' matches every sample, state, event and statistic 1010ms
 ✓ tests/m3-codegen.test.ts > M3 standalone continuous and hybrid export > 'F03-pid-and-filtered-derivative' matches every sample, state, event and statistic 1062ms
 ✓ tests/m3-codegen.test.ts > M3 standalone continuous and hybrid export > 'F03-major-step-memory' matches every sample, state, event and statistic 918ms
 ✓ tests/m3-codegen.test.ts > M3 standalone continuous and hybrid export > 'F03-transport-delay' matches every sample, state, event and statistic 997ms
 ✓ tests/m3-codegen.test.ts > M3 standalone continuous and hybrid export > 'F03-delay-prehistory-and-jump' matches every sample, state, event and statistic 1040ms
 ✓ tests/m3-codegen.test.ts > M3 standalone continuous and hybrid export > 'F03-zero-order-hold' matches every sample, state, event and statistic 1093ms
 ✓ tests/m3-codegen.test.ts > M3 standalone continuous and hybrid export > 'F03-first-order-hold' matches every sample, state, event and statistic 925ms
 ✓ tests/m3-codegen.test.ts > M3 standalone continuous and hybrid export > 'F03-hybrid-delay-integrator' matches every sample, state, event and statistic 1012ms
 ✓ tests/m3-codegen.test.ts > M3 standalone continuous and hybrid export > 'F03-simultaneous-reset-tick' matches every sample, state, event and statistic 1405ms
 ✓ tests/m3-codegen.test.ts > M3 standalone continuous and hybrid export > 'F03-relay-hysteresis' matches every sample, state, event and statistic 1007ms
 ✓ tests/m3-codegen.test.ts > M3 standalone continuous and hybrid export > 'F03-relay-initial-outside-band' matches every sample, state, event and statistic 1090ms
 ✓ tests/m3-codegen.test.ts > M3 standalone continuous and hybrid export > 'F03-saturation-kinks' matches every sample, state, event and statistic 1079ms
 ✓ tests/m3-codegen.test.ts > M3 standalone continuous and hybrid export > 'F03-typed-algebraic-side-branch' matches every sample, state, event and statistic 1120ms
 ✓ tests/m3-codegen.test.ts > M3 standalone continuous and hybrid export > 'F03-discrete-jump-crossing-reset' matches every sample, state, event and statistic 1167ms
 ✓ tests/m3-codegen.test.ts > M3 standalone continuous and hybrid export > 'F03-hybrid-rate-constant' matches every sample, state, event and statistic 2410ms
 ✓ tests/m3-codegen.test.ts > M3 standalone continuous and hybrid export > 'F03-hybrid-rate-hold' matches every sample, state, event and statistic 3265ms
 ✓ tests/m3-codegen.test.ts > M3 standalone continuous and hybrid export > 'F03-reset-control-isolation' matches every sample, state, event and statistic 1154ms
 ✓ tests/m3-codegen.test.ts > M3 standalone continuous and hybrid export > 'F03-discrete-input-zero-order-hold' matches every sample, state, event and statistic 1105ms
 ✓ tests/m3-codegen.test.ts > M3 standalone continuous and hybrid export > 'F03-discrete-input-first-order-hold' matches every sample, state, event and statistic 907ms
 ✓ tests/m3-codegen.test.ts > M3 standalone continuous and hybrid export > 'F03-capture-before-downstream-domain' matches every sample, state, event and statistic 914ms
 ✓ tests/m3-codegen.test.ts > M3 standalone continuous and hybrid export > steps failure preserves matching last valid result 859ms
 ✓ tests/m3-codegen.test.ts > M3 standalone continuous and hybrid export > evaluations failure preserves matching last valid result 823ms
 ✓ tests/m3-codegen.test.ts > M3 standalone continuous and hybrid export > rejects failure preserves matching last valid result 839ms
 ✓ tests/m3-codegen.test.ts > M3 standalone continuous and hybrid export > minimum failure preserves matching last valid result 838ms
 ✓ tests/m7-python.test.ts > M7 standalone Python approved static/discrete target > has frozen capability metadata and source/IR hash-bound manifests 235ms
 ✓ tests/m7-python.test.ts > M7 standalone Python approved static/discrete target > executes actual Python: 'Gain keeps a matrix shape' 180ms
 ✓ tests/m7-python.test.ts > M7 standalone Python approved static/discrete target > executes actual Python: 'Sum signs ++' 165ms
 ✓ tests/m7-python.test.ts > M7 standalone Python approved static/discrete target > executes actual Python: 'Sum signs +-' 175ms
 ✓ tests/m7-python.test.ts > M7 standalone Python approved static/discrete target > executes actual Python: 'Sum signs -+' 207ms
 ✓ tests/m7-python.test.ts > M7 standalone Python approved static/discrete target > executes actual Python: 'Sum signs --' 157ms
 ✓ tests/m7-python.test.ts > M7 standalone Python approved static/discrete target > executes actual Python: 'Product multiplies a matrix by a scal…' 168ms
 ✓ tests/m7-python.test.ts > M7 standalone Python approved static/discrete target > executes actual Python: 'Product divides a vector by a scalar' 167ms
 ✓ tests/m7-python.test.ts > M7 standalone Python approved static/discrete target > executes actual Python: 'Abs' 181ms
 ✓ tests/m7-python.test.ts > M7 standalone Python approved static/discrete target > executes actual Python: 'Exp' 179ms
 ✓ tests/m7-python.test.ts > M7 standalone Python approved static/discrete target > executes actual Python: 'Log' 183ms
 ✓ tests/m7-python.test.ts > M7 standalone Python approved static/discrete target > executes actual Python: 'Log10' 195ms
 ✓ tests/m7-python.test.ts > M7 standalone Python approved static/discrete target > executes actual Python: 'Square' 240ms
 ✓ tests/m7-python.test.ts > M7 standalone Python approved static/discrete target > executes actual Python: 'Reciprocal' 240ms
 ✓ tests/m7-python.test.ts > M7 standalone Python approved static/discrete target > executes actual Python: 'Sin' 268ms
 ✓ tests/m7-python.test.ts > M7 standalone Python approved static/discrete target > executes actual Python: 'Cos' 292ms
 ✓ tests/m7-python.test.ts > M7 standalone Python approved static/discrete target > executes actual Python: 'Tan' 198ms
 ✓ tests/m7-python.test.ts > M7 standalone Python approved static/discrete target > executes actual Python: 'Asin' 216ms
 ✓ tests/m7-python.test.ts > M7 standalone Python approved static/discrete target > executes actual Python: 'Acos' 269ms
 ✓ tests/m7-python.test.ts > M7 standalone Python approved static/discrete target > executes actual Python: 'Atan' 229ms
 ✓ tests/m7-python.test.ts > M7 standalone Python approved static/discrete target > executes actual Python: 'Round half toward positive infinity' 234ms
 ✓ tests/m7-python.test.ts > M7 standalone Python approved static/discrete target > executes actual Python: 'Floor' 223ms
 ✓ tests/m7-python.test.ts > M7 standalone Python approved static/discrete target > executes actual Python: 'Ceil' 211ms
 ✓ tests/m7-python.test.ts > M7 standalone Python approved static/discrete target > executes actual Python: 'Trunc' 251ms
 ✓ tests/m7-python.test.ts > M7 standalone Python approved static/discrete target > executes actual Python: 'Pairwise Min broadcasts scalar' 233ms
 ✓ tests/m7-python.test.ts > M7 standalone Python approved static/discrete target > executes actual Python: 'Pairwise Max' 232ms
 ✓ tests/m7-python.test.ts > M7 standalone Python approved static/discrete target > executes actual Python: 'Reduce Min visits all matrix elements' 189ms
 ✓ tests/m7-python.test.ts > M7 standalone Python approved static/discrete target > executes actual Python: 'Reduce Max visits all matrix elements' 245ms
 ✓ tests/m7-python.test.ts > M7 standalone Python approved static/discrete target > executes actual Python: 'Sqrt' 229ms
 ✓ tests/m7-python.test.ts > M7 standalone Python approved static/discrete target > executes actual Python: 'Comparison eq' 235ms
 ✓ tests/m7-python.test.ts > M7 standalone Python approved static/discrete target > executes actual Python: 'Comparison ne' 217ms
 ✓ tests/m7-python.test.ts > M7 standalone Python approved static/discrete target > executes actual Python: 'Comparison lt' 297ms
 ✓ tests/m7-python.test.ts > M7 standalone Python approved static/discrete target > executes actual Python: 'Comparison le' 228ms
 ✓ tests/m7-python.test.ts > M7 standalone Python approved static/discrete target > executes actual Python: 'Comparison gt' 210ms
 ✓ tests/m7-python.test.ts > M7 standalone Python approved static/discrete target > executes actual Python: 'Comparison ge' 209ms
 ✓ tests/m7-python.test.ts > M7 standalone Python approved static/discrete target > executes actual Python: 'Boolean And matrix/scalar' 215ms
 ✓ tests/m7-python.test.ts > M7 standalone Python approved static/discrete target > executes actual Python: 'Boolean Or' 197ms
 ✓ tests/m7-python.test.ts > M7 standalone Python approved static/discrete target > executes actual Python: 'Boolean Xor' 207ms
 ✓ tests/m7-python.test.ts > M7 standalone Python approved static/discrete target > executes actual Python: 'Boolean Not needs only input a' 214ms
 ✓ tests/m7-python.test.ts > M7 standalone Python approved static/discrete target > executes actual Python: 'Saturation' 212ms
 ✓ tests/m7-python.test.ts > M7 standalone Python approved static/discrete target > executes actual Python: 'Mux joins scalar/vector numbers' 204ms
 ✓ tests/m7-python.test.ts > M7 standalone Python approved static/discrete target > executes actual Python: 'Concatenate joins boolean vectors' 223ms
 ✓ tests/m7-python.test.ts > M7 standalone Python approved static/discrete target > executes actual Python: 'Reshape vector to row-major matrix' 210ms
 ✓ tests/m7-python.test.ts > M7 standalone Python approved static/discrete target > executes actual Python: 'Reshape matrix to vector' 233ms
 ✓ tests/m7-python.test.ts > M7 standalone Python approved static/discrete target > executes actual Python: 'Expression applies to every vector el…' 252ms
 ✓ tests/m7-python.test.ts > M7 standalone Python approved static/discrete target > executes actual Python: 'Expression precedence and right-assoc…' 245ms
 ✓ tests/m7-python.test.ts > M7 standalone Python approved static/discrete target > executes actual Python: 'Demux preserves selected source ports…' 250ms
 ✓ tests/m7-python.test.ts > M7 standalone Python approved static/discrete target > executes actual Python: 'Demux maximum 16 outputs preserves tw…' 285ms
 ✓ tests/m7-python.test.ts > M7 standalone Python approved static/discrete target > executes actual Python: 'Demux preserves boolean values' 222ms
 ✓ tests/m7-python.test.ts > M7 standalone Python approved static/discrete target > executes actual Python: 'Switch with boolean matrix data choos…' 196ms
 ✓ tests/m7-python.test.ts > M7 standalone Python approved static/discrete target > executes actual Python: 'Switch with boolean matrix data choos…' 439ms
 ✓ tests/m7-python.test.ts > M7 standalone Python approved static/discrete target > executes actual Python: 'Every allowed expression function is …' 464ms
 ✓ tests/m7-python.test.ts > M7 standalone Python approved static/discrete target > executes fixed-tick actual Python: 'absolute-time Step' 206ms
 ✓ tests/m7-python.test.ts > M7 standalone Python approved static/discrete target > executes fixed-tick actual Python: 'absolute-time Ramp' 202ms
 ✓ tests/m7-python.test.ts > M7 standalone Python approved static/discrete target > executes fixed-tick actual Python: 'Sine Wave uses Hz and absolute time' 208ms
 ✓ tests/m7-python.test.ts > M7 standalone Python approved static/discrete target > executes fixed-tick actual Python: 'Pulse uses base ticks including phase' 211ms
 ✓ tests/m7-python.test.ts > M7 standalone Python approved static/discrete target > executes fixed-tick actual Python: 'Clock returns the simulation time' 213ms
 ✓ tests/m7-python.test.ts > M7 standalone Python approved static/discrete target > executes fixed-tick actual Python: 'Digital Clock initial hold and period…' 202ms
 ✓ tests/m7-python.test.ts > M7 standalone Python approved static/discrete target > executes fixed-tick actual Python: 'Repeating Sequence linear interpolati…' 248ms
 ✓ tests/m7-python.test.ts > M7 standalone Python approved static/discrete target > executes fixed-tick actual Python: 'Repeating Sequence previous interpola…' 229ms
 ✓ tests/m7-python.test.ts > M7 standalone Python approved static/discrete target > executes fixed-tick actual Python: 'Repeating Sequence negative absolute …' 227ms
 ✓ tests/m7-python.test.ts > M7 standalone Python approved static/discrete target > executes fixed-tick actual Python: 'Unit Delay vector state' 195ms
 ✓ tests/m7-python.test.ts > M7 standalone Python approved static/discrete target > executes fixed-tick actual Python: 'Unit Delay boolean matrix state' 193ms
 ✓ tests/m7-python.test.ts > M7 standalone Python approved static/discrete target > executes fixed-tick actual Python: 'Fixed Delay FIFO' 222ms
 ✓ tests/m7-python.test.ts > M7 standalone Python approved static/discrete target > executes fixed-tick actual Python: 'Forward Euler vector independent chan…' 171ms
 ✓ tests/m7-python.test.ts > M7 standalone Python approved static/discrete target > executes fixed-tick actual Python: 'Difference first and subsequent due s…' 166ms
 ✓ tests/m7-python.test.ts > M7 standalone Python approved static/discrete target > executes fixed-tick actual Python: 'Derivative divides by sample seconds' 176ms
 ✓ tests/m7-python.test.ts > M7 standalone Python approved static/discrete target > executes fixed-tick actual Python: 'FIR impulse response' 174ms
 ✓ tests/m7-python.test.ts > M7 standalone Python approved static/discrete target > executes fixed-tick actual Python: 'FIR matrix independent channels' 190ms
 ✓ tests/m7-python.test.ts > M7 standalone Python approved static/discrete target > executes fixed-tick actual Python: 'Transfer function z inverse impulse' 188ms
 ✓ tests/m7-python.test.ts > M7 standalone Python approved static/discrete target > executes fixed-tick actual Python: 'Strictly proper transfer reads old hi…' 177ms
 ✓ tests/m7-python.test.ts > M7 standalone Python approved static/discrete target > executes fixed-tick actual Python: 'State Space initial state then commit' 179ms
 ✓ tests/m7-python.test.ts > M7 standalone Python approved static/discrete target > executes fixed-tick actual Python: 'State Space D direct feedthrough' 185ms
 ✓ tests/m7-python.test.ts > M7 standalone Python approved static/discrete target > executes fixed-tick actual Python: 'Rising boolean edge' 192ms
 ✓ tests/m7-python.test.ts > M7 standalone Python approved static/discrete target > executes fixed-tick actual Python: 'Falling boolean edge' 162ms
 ✓ tests/m7-python.test.ts > M7 standalone Python approved static/discrete target > executes fixed-tick actual Python: 'Either boolean edge' 165ms
 ✓ tests/m7-python.test.ts > M7 standalone Python approved static/discrete target > executes fixed-tick actual Python: 'Lookup linear array and clipped bound…' 173ms
 ✓ tests/m7-python.test.ts > M7 standalone Python approved static/discrete target > executes fixed-tick actual Python: 'Lookup previous interpolation exact k…' 167ms
 ✓ tests/m7-python.test.ts > M7 standalone Python approved static/discrete target > executes fixed-tick actual Python: 'timeless Constant publication respect…' 174ms
 ✓ tests/m7-python.test.ts > M7 standalone Python approved static/discrete target > reports bounded numerical failure: 'Division by a zero element' 171ms
 ✓ tests/m7-python.test.ts > M7 standalone Python approved static/discrete target > reports bounded numerical failure: 'Reciprocal of zero' 172ms
 ✓ tests/m7-python.test.ts > M7 standalone Python approved static/discrete target > reports bounded numerical failure: 'Log zero' 175ms
 ✓ tests/m7-python.test.ts > M7 standalone Python approved static/discrete target > reports bounded numerical failure: 'Log10 negative' 171ms
 ✓ tests/m7-python.test.ts > M7 standalone Python approved static/discrete target > reports bounded numerical failure: 'Negative Sqrt' 165ms
 ✓ tests/m7-python.test.ts > M7 standalone Python approved static/discrete target > reports bounded numerical failure: 'Asin above range' 172ms
 ✓ tests/m7-python.test.ts > M7 standalone Python approved static/discrete target > reports bounded numerical failure: 'Acos below range' 167ms
 ✓ tests/m7-python.test.ts > M7 standalone Python approved static/discrete target > reports bounded numerical failure: 'Exp overflow' 160ms
 ✓ tests/m7-python.test.ts > M7 standalone Python approved static/discrete target > reports bounded numerical failure: 'Expression zero division' 160ms
 ✓ tests/m7-python.test.ts > M7 standalone Python approved static/discrete target > reports bounded numerical failure: 'Expression complex power rejected' 167ms
 ✓ tests/m7-python.test.ts > M7 standalone Python approved static/discrete target > reports bounded numerical failure: 'Expression function domain' 175ms
 ✓ tests/m7-python.test.ts > M7 standalone Python approved static/discrete target > retains read-before-write publication at rates 1/2 204ms
 ✓ tests/m7-python.test.ts > M7 standalone Python approved static/discrete target > retains read-before-write publication at rates 2/1 191ms
 ✓ tests/m7-python.test.ts > M7 standalone Python approved static/discrete target > retains read-before-write publication at rates 2/3 234ms
 ✓ tests/m7-python.test.ts > M7 standalone Python approved static/discrete target > retains read-before-write publication at rates 3/2 273ms
 ✓ tests/m7-python.test.ts > M7 standalone Python approved static/discrete target > uses independent seeded uniform state exactly once per due tick 209ms
 ✓ tests/m7-python.test.ts > M7 standalone Python approved static/discrete target > uses independent seeded normal state exactly once per due tick 215ms
 ✓ tests/m7-python.test.ts > M7 standalone Python approved static/discrete target > preserves unsigned 32-bit and semantics 237ms
 ✓ tests/m7-python.test.ts > M7 standalone Python approved static/discrete target > preserves unsigned 32-bit or semantics 241ms
 ✓ tests/m7-python.test.ts > M7 standalone Python approved static/discrete target > preserves unsigned 32-bit xor semantics 217ms
 ✓ tests/m7-python.test.ts > M7 standalone Python approved static/discrete target > preserves unsigned 32-bit not semantics 213ms
 ✓ tests/m7-python.test.ts > M7 standalone Python approved static/discrete target > preserves unsigned 32-bit shift-left semantics 191ms
 ✓ tests/m7-python.test.ts > M7 standalone Python approved static/discrete target > preserves unsigned 32-bit shift-right semantics 187ms
 ✓ tests/m7-python.test.ts > M7 standalone Python approved static/discrete target > commits reset at the prior due boundary and never after the terminal sample 515ms
 ✓ tests/m7-python.test.ts > M7 standalone Python approved static/discrete target > performs large integer-looking coefficients and time arithmetic in binary64 547ms
 ✓ tests/m7-python.test.ts > M7 standalone Python approved static/discrete target > rolls back held, random, matrix and transition state on failed evaluation 166ms
 ✓ tests/m7-python.test.ts > M7 standalone Python approved static/discrete target > rolls back state when a transition itself overflows, retaining diagnostic prior tick 155ms
 ✓ tests/m7-python.test.ts > M7 standalone Python approved static/discrete target > replays embedded datasets offline, with exact source/content references and bounds 554ms
 ✓ tests/m7-python.test.ts > M7 standalone Python approved static/discrete target > bounds duplicated dataset IR before combined JSON and hexadecimal allocation 16272ms
 ✓ tests/m7-python.test.ts > M7 standalone Python approved static/discrete target > preserves explicit units and homogeneous named buses without host lookups 282ms
 ✓ tests/m7-python.test.ts > M7 standalone Python approved static/discrete target > expands supported nested diagrams and keeps definition references 259ms
 ✓ tests/m7-python.test.ts > M7 standalone Python approved static/discrete target > owns independent manifest, sample, memory and rerun arrays in imported Python 508ms
 ✓ tests/m7-python.test.ts > M7 standalone Python approved static/discrete target > rejects continuous and unsupported advanced blocks before emitting any program 23ms
 ✓ tests/m7-python.test.ts > M7 standalone Python approved static/discrete target > reports unsupported nested primitives at the original root block and subdiagram path 11ms
 ✓ tests/time-sources.test.ts > expanded deterministic simulation waveforms > discrete: 'linear-chirp-phase' matches independent raw samples and standalone TypeScript 1169ms
 ✓ tests/time-sources.test.ts > expanded deterministic simulation waveforms > discrete: 'gaussian-bell' matches independent raw samples and standalone TypeScript 841ms
 ✓ tests/time-sources.test.ts > expanded deterministic simulation waveforms > discrete: 'damped-cosine-identity' matches independent raw samples and standalone TypeScript 961ms
 ✓ tests/time-sources.test.ts > expanded deterministic simulation waveforms > discrete: 'exponential-input' matches independent raw samples and standalone TypeScript 1276ms
 ✓ tests/time-sources.test.ts > expanded deterministic simulation waveforms > discrete: 'logistic-tanh-identity' matches independent raw samples and standalone TypeScript 858ms
 ✓ tests/time-sources.test.ts > expanded deterministic simulation waveforms > discrete: 'sinc-pulse-grid' matches independent raw samples and standalone TypeScript 996ms
 ✓ tests/time-sources.test.ts > expanded deterministic simulation waveforms > continuous: 'linear-chirp-phase' matches independent raw samples and standalone TypeScript 1863ms
 ✓ tests/time-sources.test.ts > expanded deterministic simulation waveforms > continuous: 'gaussian-bell' matches independent raw samples and standalone TypeScript 1079ms
 ✓ tests/time-sources.test.ts > expanded deterministic simulation waveforms > continuous: 'damped-cosine-identity' matches independent raw samples and standalone TypeScript 1234ms
 ✓ tests/time-sources.test.ts > expanded deterministic simulation waveforms > continuous: 'exponential-input' matches independent raw samples and standalone TypeScript 1063ms
 ✓ tests/time-sources.test.ts > expanded deterministic simulation waveforms > continuous: 'logistic-tanh-identity' matches independent raw samples and standalone TypeScript 1138ms
 ✓ tests/time-sources.test.ts > expanded deterministic simulation waveforms > continuous: 'sinc-pulse-grid' matches independent raw samples and standalone TypeScript 1071ms
 ✓ tests/time-sources.test.ts > expanded deterministic simulation waveforms > 'linear-chirp-phase' rejects static mode and preserves explicit source units 6ms
 ✓ tests/time-sources.test.ts > expanded deterministic simulation waveforms > 'gaussian-bell' rejects static mode and preserves explicit source units 3ms
 ✓ tests/time-sources.test.ts > expanded deterministic simulation waveforms > 'damped-cosine-identity' rejects static mode and preserves explicit source units 4ms
 ✓ tests/time-sources.test.ts > expanded deterministic simulation waveforms > 'exponential-input' rejects static mode and preserves explicit source units 4ms
 ✓ tests/time-sources.test.ts > expanded deterministic simulation waveforms > 'logistic-tanh-identity' rejects static mode and preserves explicit source units 5ms
 ✓ tests/time-sources.test.ts > expanded deterministic simulation waveforms > 'sinc-pulse-grid' rejects static mode and preserves explicit source units 4ms
 ✓ tests/time-sources.test.ts > expanded deterministic simulation waveforms > source.chirp rejects invalid duration at the original node 1ms
 ✓ tests/time-sources.test.ts > expanded deterministic simulation waveforms > source.chirp rejects invalid initialFrequency at the original node 0ms
 ✓ tests/time-sources.test.ts > expanded deterministic simulation waveforms > source.gaussian-pulse rejects invalid width at the original node 0ms
 ✓ tests/time-sources.test.ts > expanded deterministic simulation waveforms > source.sinc-pulse rejects invalid width at the original node 0ms
 ✓ tests/time-sources.test.ts > expanded deterministic simulation waveforms > source.logistic rejects invalid center at the original node 0ms
 ✓ tests/time-sources.test.ts > expanded deterministic simulation waveforms > source.damped-sine rejects invalid decay at the original node 1ms
 ✓ tests/time-sources.test.ts > expanded deterministic simulation waveforms > evaluates negative absolute seconds without shifting the waveform origin 13ms
 ✓ tests/time-sources.test.ts > expanded deterministic simulation waveforms > keeps large positive/negative logistic exponents finite and centered 3ms
 ✓ tests/time-sources.test.ts > expanded deterministic simulation waveforms > preserves the last finite samples and exact overflow diagnostic in the generated program 844ms
 ✓ tests/time-sources.test.ts > expanded deterministic simulation waveforms > classifies an exponential source as continuous before RK45 stages 10094ms
 ✓ tests/time-sources.test.ts > expanded deterministic simulation waveforms > strictly typechecks the independent discrete source without ambient Node/DOM types 8486ms
 ✓ tests/m5-quantization.test.ts > M5 exact fixed-point boundary rounding > rounds positive and negative half ties to the nearest even stored code 3ms
 ✓ tests/m5-quantization.test.ts > M5 exact fixed-point boundary rounding > applies floor correctly to signed rational fractions 1ms
 ✓ tests/m5-quantization.test.ts > M5 exact fixed-point boundary rounding > applies ceil correctly to signed rational fractions 0ms
 ✓ tests/m5-quantization.test.ts > M5 exact fixed-point boundary rounding > applies toward-zero correctly to signed rational fractions 0ms
 ✓ tests/m5-quantization.test.ts > M5 exact fixed-point boundary rounding > applies nearest-even correctly to signed rational fractions 0ms
 ✓ tests/m5-quantization.test.ts > M5 exact fixed-point boundary rounding > preserves an already quantized value and reports its exact 32bit stored code 0ms
 ✓ tests/m5-quantization.test.ts > M5 exact fixed-point boundary rounding > normalizes negative zero, including negative tiny values rounded toward zero 0ms
 ✓ tests/m5-quantization.test.ts > M5 exact fixed-point boundary rounding > handles one-bit signed/unsigned codes and fractionLength independent of wordLength 1ms
 ✓ tests/m5-quantization.test.ts > M5 exact overflow policies after rounding > saturates signed and unsigned codes at both boundaries 0ms
 ✓ tests/m5-quantization.test.ts > M5 exact overflow policies after rounding > wraps negative unsigned and signed values modulo the exact word length 0ms
 ✓ tests/m5-quantization.test.ts > M5 exact overflow policies after rounding > checks overflow after rounding, not before it 1ms
 ✓ tests/m5-quantization.test.ts > M5 exact overflow policies after rounding > never scales very large finite float64 into Infinity before wrapping/saturating 1ms
 ✓ tests/m5-quantization.test.ts > M5 IEEE precision and independent rational coverage > handles minimum subnormal and the normal/subnormal transition without underflowing the rounding decision 0ms
 ✓ tests/m5-quantization.test.ts > M5 IEEE precision and independent rational coverage > distinguishes the binary64 values just below/above a half tie 0ms
 ✓ tests/m5-quantization.test.ts > M5 IEEE precision and independent rational coverage > matches independent rational rounding/wrap/saturation for every word length and rounding mode 1978ms
 ✓ tests/m5-quantization.test.ts > M5 bounded untrusted quantization options > rejects invalid settings {"wordLength":0} 0ms
 ✓ tests/m5-quantization.test.ts > M5 bounded untrusted quantization options > rejects invalid settings {"wordLength":33} 0ms
 ✓ tests/m5-quantization.test.ts > M5 bounded untrusted quantization options > rejects invalid settings {"wordLength":8.5} 0ms
 ✓ tests/m5-quantization.test.ts > M5 bounded untrusted quantization options > rejects invalid settings {"wordLength":null} 0ms
 ✓ tests/m5-quantization.test.ts > M5 bounded untrusted quantization options > rejects invalid settings {"wordLength":"8"} 0ms
 ✓ tests/m5-quantization.test.ts > M5 bounded untrusted quantization options > rejects invalid settings {"fractionLength":-1} 0ms
 ✓ tests/m5-quantization.test.ts > M5 bounded untrusted quantization options > rejects invalid settings {"fractionLength":33} 0ms
 ✓ tests/m5-quantization.test.ts > M5 bounded untrusted quantization options > rejects invalid settings {"fractionLength":0.5} 0ms
 ✓ tests/m5-quantization.test.ts > M5 bounded untrusted quantization options > rejects invalid settings {"fractionLength":null} 0ms
 ✓ tests/m5-quantization.test.ts > M5 bounded untrusted quantization options > rejects invalid settings {"signedness":"auto"} 0ms
 ✓ tests/m5-quantization.test.ts > M5 bounded untrusted quantization options > rejects invalid settings {"rounding":"nearest"} 0ms
 ✓ tests/m5-quantization.test.ts > M5 bounded untrusted quantization options > rejects invalid settings {"overflow":"ignore"} 0ms
 ✓ tests/m5-quantization.test.ts > M5 bounded untrusted quantization options > rejects invalid settings {"script":"return value"} 0ms
 ✓ tests/m5-quantization.test.ts > M5 bounded untrusted quantization options > rejects non-finite/non-scalar input NaN 0ms
 ✓ tests/m5-quantization.test.ts > M5 bounded untrusted quantization options > rejects non-finite/non-scalar input Infinity 0ms
 ✓ tests/m5-quantization.test.ts > M5 bounded untrusted quantization options > rejects non-finite/non-scalar input -Infinity 0ms
 ✓ tests/m5-quantization.test.ts > M5 bounded untrusted quantization options > rejects non-finite/non-scalar input 2 0ms
 ✓ tests/m5-quantization.test.ts > M5 bounded untrusted quantization options > rejects non-finite/non-scalar input null 0ms
 ✓ tests/m5-quantization.test.ts > M5 bounded untrusted quantization options > rejects non-finite/non-scalar input 2 0ms
 ✓ tests/m5-quantization.test.ts > M5 bounded untrusted quantization options > rejects missing fields, exotic prototypes, hooks, symbols and hidden attributes without invoking getters 4ms
 ✓ tests/m5-quantization.test.ts > M5 bounded untrusted quantization options > returns a defensive settings copy and permits ordinary null-prototype/frozen data 0ms

 Test Files  6 passed (6)
      Tests  492 passed (492)
   Start at  02:05:10
   Duration  286.70s (transform 51.55s, setup 0ms, import 5.45s, tests 279.42s, environment 0ms)

JSON report written to C:/Users/MSI/Desktop/내 폴더/코딩/기획/CalcWeave/docs/evidence/product-help-unit-retry-results.json
